// Bun Snapshot v1, https://bun.sh/docs/test/snapshots

exports[`setup form renders cleanly in 80 columns 1`] = `
"Configure worktree setup

  folder            /Users/example/Projects/example-org/acme-admin

› prefix           acme-a▌
                    [r] random · [c] custom · keep it unique across your repos
  tmux session     on
  agents
    [ ] claude                          [ ] codex
  copy-ignored     off
  mc alias         on

arrows choose · space checks · Enter continues · Ctrl+C aborts"
`;
